Created by PLY version 3.11 (http://www.dabeaz.com/ply)

Grammar

Rule 0     S' -> line
Rule 1     line -> expression
Rule 2     expression -> expression PLUS expression
Rule 3     expression -> expression MINUS expression
Rule 4     expression -> expression TIMES expression
Rule 5     expression -> expression DIVIDE expression
Rule 6     expression -> expression POWER expression
Rule 7     expression -> MINUS expression
Rule 8     expression -> LPAREN expression RPAREN
Rule 9     expression -> NUM

Terminals, with rules where they appear

DIVIDE               : 5
LPAREN               : 8
MINUS                : 3 7
NUM                  : 9
PLUS                 : 2
POWER                : 6
RPAREN               : 8
TIMES                : 4
error                : 

Nonterminals, with rules where they appear

expression           : 1 2 2 3 3 4 4 5 5 6 6 7 8
line                 : 0

Parsing method: LALR

state 0

    (0) S' -> . line
    (1) line -> . expression
    (2) expression -> . expression PLUS expression
    (3) expression -> . expression MINUS expression
    (4) expression -> . expression TIMES expression
    (5) expression -> . expression DIVIDE expression
    (6) expression -> . expression POWER expression
    (7) expression -> . MINUS expression
    (8) expression -> . LPAREN expression RPAREN
    (9) expression -> . NUM

    MINUS           shift and go to state 3
    LPAREN          shift and go to state 4
    NUM             shift and go to state 5

    line                           shift and go to state 1
    expression                     shift and go to state 2

state 1

    (0) S' -> line .



state 2

    (1) line -> expression .
    (2) expression -> expression . PLUS expression
    (3) expression -> expression . MINUS expression
    (4) expression -> expression . TIMES expression
    (5) expression -> expression . DIVIDE expression
    (6) expression -> expression . POWER expression

    $end            reduce using rule 1 (line -> expression .)
    PLUS            shift and go to state 6
    MINUS           shift and go to state 7
    TIMES           shift and go to state 8
    DIVIDE          shift and go to state 9
    POWER           shift and go to state 10


state 3

    (7) expression -> MINUS . expression
    (2) expression -> . expression PLUS expression
    (3) expression -> . expression MINUS expression
    (4) expression -> . expression TIMES expression
    (5) expression -> . expression DIVIDE expression
    (6) expression -> . expression POWER expression
    (7) expression -> . MINUS expression
    (8) expression -> . LPAREN expression RPAREN
    (9) expression -> . NUM

    MINUS           shift and go to state 3
    LPAREN          shift and go to state 4
    NUM             shift and go to state 5

    expression                     shift and go to state 11

state 4

    (8) expression -> LPAREN . expression RPAREN
    (2) expression -> . expression PLUS expression
    (3) expression -> . expression MINUS expression
    (4) expression -> . expression TIMES expression
    (5) expression -> . expression DIVIDE expression
    (6) expression -> . expression POWER expression
    (7) expression -> . MINUS expression
    (8) expression -> . LPAREN expression RPAREN
    (9) expression -> . NUM

    MINUS           shift and go to state 3
    LPAREN          shift and go to state 4
    NUM             shift and go to state 5

    expression                     shift and go to state 12

state 5

    (9) expression -> NUM .

    PLUS            reduce using rule 9 (expression -> NUM .)
    MINUS           reduce using rule 9 (expression -> NUM .)
    TIMES           reduce using rule 9 (expression -> NUM .)
    DIVIDE          reduce using rule 9 (expression -> NUM .)
    POWER           reduce using rule 9 (expression -> NUM .)
    $end            reduce using rule 9 (expression -> NUM .)
    RPAREN          reduce using rule 9 (expression -> NUM .)


state 6

    (2) expression -> expression PLUS . expression
    (2) expression -> . expression PLUS expression
    (3) expression -> . expression MINUS expression
    (4) expression -> . expression TIMES expression
    (5) expression -> . expression DIVIDE expression
    (6) expression -> . expression POWER expression
    (7) expression -> . MINUS expression
    (8) expression -> . LPAREN expression RPAREN
    (9) expression -> . NUM

    MINUS           shift and go to state 3
    LPAREN          shift and go to state 4
    NUM             shift and go to state 5

    expression                     shift and go to state 13

state 7

    (3) expression -> expression MINUS . expression
    (2) expression -> . expression PLUS expression
    (3) expression -> . expression MINUS expression
    (4) expression -> . expression TIMES expression
    (5) expression -> . expression DIVIDE expression
    (6) expression -> . expression POWER expression
    (7) expression -> . MINUS expression
    (8) expression -> . LPAREN expression RPAREN
    (9) expression -> . NUM

    MINUS           shift and go to state 3
    LPAREN          shift and go to state 4
    NUM             shift and go to state 5

    expression                     shift and go to state 14

state 8

    (4) expression -> expression TIMES . expression
    (2) expression -> . expression PLUS expression
    (3) expression -> . expression MINUS expression
    (4) expression -> . expression TIMES expression
    (5) expression -> . expression DIVIDE expression
    (6) expression -> . expression POWER expression
    (7) expression -> . MINUS expression
    (8) expression -> . LPAREN expression RPAREN
    (9) expression -> . NUM

    MINUS           shift and go to state 3
    LPAREN          shift and go to state 4
    NUM             shift and go to state 5

    expression                     shift and go to state 15

state 9

    (5) expression -> expression DIVIDE . expression
    (2) expression -> . expression PLUS expression
    (3) expression -> . expression MINUS expression
    (4) expression -> . expression TIMES expression
    (5) expression -> . expression DIVIDE expression
    (6) expression -> . expression POWER expression
    (7) expression -> . MINUS expression
    (8) expression -> . LPAREN expression RPAREN
    (9) expression -> . NUM

    MINUS           shift and go to state 3
    LPAREN          shift and go to state 4
    NUM             shift and go to state 5

    expression                     shift and go to state 16

state 10

    (6) expression -> expression POWER . expression
    (2) expression -> . expression PLUS expression
    (3) expression -> . expression MINUS expression
    (4) expression -> . expression TIMES expression
    (5) expression -> . expression DIVIDE expression
    (6) expression -> . expression POWER expression
    (7) expression -> . MINUS expression
    (8) expression -> . LPAREN expression RPAREN
    (9) expression -> . NUM

    MINUS           shift and go to state 3
    LPAREN          shift and go to state 4
    NUM             shift and go to state 5

    expression                     shift and go to state 17

state 11

    (7) expression -> MINUS expression .
    (2) expression -> expression . PLUS expression
    (3) expression -> expression . MINUS expression
    (4) expression -> expression . TIMES expression
    (5) expression -> expression . DIVIDE expression
    (6) expression -> expression . POWER expression

    PLUS            reduce using rule 7 (expression -> MINUS expression .)
    MINUS           reduce using rule 7 (expression -> MINUS expression .)
    TIMES           reduce using rule 7 (expression -> MINUS expression .)
    DIVIDE          reduce using rule 7 (expression -> MINUS expression .)
    $end            reduce using rule 7 (expression -> MINUS expression .)
    RPAREN          reduce using rule 7 (expression -> MINUS expression .)
    POWER           shift and go to state 10

  ! POWER           [ reduce using rule 7 (expression -> MINUS expression .) ]
  ! PLUS            [ shift and go to state 6 ]
  ! MINUS           [ shift and go to state 7 ]
  ! TIMES           [ shift and go to state 8 ]
  ! DIVIDE          [ shift and go to state 9 ]


state 12

    (8) expression -> LPAREN expression . RPAREN
    (2) expression -> expression . PLUS expression
    (3) expression -> expression . MINUS expression
    (4) expression -> expression . TIMES expression
    (5) expression -> expression . DIVIDE expression
    (6) expression -> expression . POWER expression

    RPAREN          shift and go to state 18
    PLUS            shift and go to state 6
    MINUS           shift and go to state 7
    TIMES           shift and go to state 8
    DIVIDE          shift and go to state 9
    POWER           shift and go to state 10


state 13

    (2) expression -> expression PLUS expression .
    (2) expression -> expression . PLUS expression
    (3) expression -> expression . MINUS expression
    (4) expression -> expression . TIMES expression
    (5) expression -> expression . DIVIDE expression
    (6) expression -> expression . POWER expression

    PLUS            reduce using rule 2 (expression -> expression PLUS expression .)
    MINUS           reduce using rule 2 (expression -> expression PLUS expression .)
    $end            reduce using rule 2 (expression -> expression PLUS expression .)
    RPAREN          reduce using rule 2 (expression -> expression PLUS expression .)
    TIMES           shift and go to state 8
    DIVIDE          shift and go to state 9
    POWER           shift and go to state 10

  ! TIMES           [ reduce using rule 2 (expression -> expression PLUS expression .) ]
  ! DIVIDE          [ reduce using rule 2 (expression -> expression PLUS expression .) ]
  ! POWER           [ reduce using rule 2 (expression -> expression PLUS expression .) ]
  ! PLUS            [ shift and go to state 6 ]
  ! MINUS           [ shift and go to state 7 ]


state 14

    (3) expression -> expression MINUS expression .
    (2) expression -> expression . PLUS expression
    (3) expression -> expression . MINUS expression
    (4) expression -> expression . TIMES expression
    (5) expression -> expression . DIVIDE expression
    (6) expression -> expression . POWER expression

    PLUS            reduce using rule 3 (expression -> expression MINUS expression .)
    MINUS           reduce using rule 3 (expression -> expression MINUS expression .)
    $end            reduce using rule 3 (expression -> expression MINUS expression .)
    RPAREN          reduce using rule 3 (expression -> expression MINUS expression .)
    TIMES           shift and go to state 8
    DIVIDE          shift and go to state 9
    POWER           shift and go to state 10

  ! TIMES           [ reduce using rule 3 (expression -> expression MINUS expression .) ]
  ! DIVIDE          [ reduce using rule 3 (expression -> expression MINUS expression .) ]
  ! POWER           [ reduce using rule 3 (expression -> expression MINUS expression .) ]
  ! PLUS            [ shift and go to state 6 ]
  ! MINUS           [ shift and go to state 7 ]


state 15

    (4) expression -> expression TIMES expression .
    (2) expression -> expression . PLUS expression
    (3) expression -> expression . MINUS expression
    (4) expression -> expression . TIMES expression
    (5) expression -> expression . DIVIDE expression
    (6) expression -> expression . POWER expression

    PLUS            reduce using rule 4 (expression -> expression TIMES expression .)
    MINUS           reduce using rule 4 (expression -> expression TIMES expression .)
    TIMES           reduce using rule 4 (expression -> expression TIMES expression .)
    DIVIDE          reduce using rule 4 (expression -> expression TIMES expression .)
    $end            reduce using rule 4 (expression -> expression TIMES expression .)
    RPAREN          reduce using rule 4 (expression -> expression TIMES expression .)
    POWER           shift and go to state 10

  ! POWER           [ reduce using rule 4 (expression -> expression TIMES expression .) ]
  ! PLUS            [ shift and go to state 6 ]
  ! MINUS           [ shift and go to state 7 ]
  ! TIMES           [ shift and go to state 8 ]
  ! DIVIDE          [ shift and go to state 9 ]


state 16

    (5) expression -> expression DIVIDE expression .
    (2) expression -> expression . PLUS expression
    (3) expression -> expression . MINUS expression
    (4) expression -> expression . TIMES expression
    (5) expression -> expression . DIVIDE expression
    (6) expression -> expression . POWER expression

    PLUS            reduce using rule 5 (expression -> expression DIVIDE expression .)
    MINUS           reduce using rule 5 (expression -> expression DIVIDE expression .)
    TIMES           reduce using rule 5 (expression -> expression DIVIDE expression .)
    DIVIDE          reduce using rule 5 (expression -> expression DIVIDE expression .)
    $end            reduce using rule 5 (expression -> expression DIVIDE expression .)
    RPAREN          reduce using rule 5 (expression -> expression DIVIDE expression .)
    POWER           shift and go to state 10

  ! POWER           [ reduce using rule 5 (expression -> expression DIVIDE expression .) ]
  ! PLUS            [ shift and go to state 6 ]
  ! MINUS           [ shift and go to state 7 ]
  ! TIMES           [ shift and go to state 8 ]
  ! DIVIDE          [ shift and go to state 9 ]


state 17

    (6) expression -> expression POWER expression .
    (2) expression -> expression . PLUS expression
    (3) expression -> expression . MINUS expression
    (4) expression -> expression . TIMES expression
    (5) expression -> expression . DIVIDE expression
    (6) expression -> expression . POWER expression

    PLUS            reduce using rule 6 (expression -> expression POWER expression .)
    MINUS           reduce using rule 6 (expression -> expression POWER expression .)
    TIMES           reduce using rule 6 (expression -> expression POWER expression .)
    DIVIDE          reduce using rule 6 (expression -> expression POWER expression .)
    POWER           reduce using rule 6 (expression -> expression POWER expression .)
    $end            reduce using rule 6 (expression -> expression POWER expression .)
    RPAREN          reduce using rule 6 (expression -> expression POWER expression .)

  ! PLUS            [ shift and go to state 6 ]
  ! MINUS           [ shift and go to state 7 ]
  ! TIMES           [ shift and go to state 8 ]
  ! DIVIDE          [ shift and go to state 9 ]
  ! POWER           [ shift and go to state 10 ]


state 18

    (8) expression -> LPAREN expression RPAREN .

    PLUS            reduce using rule 8 (expression -> LPAREN expression RPAREN .)
    MINUS           reduce using rule 8 (expression -> LPAREN expression RPAREN .)
    TIMES           reduce using rule 8 (expression -> LPAREN expression RPAREN .)
    DIVIDE          reduce using rule 8 (expression -> LPAREN expression RPAREN .)
    POWER           reduce using rule 8 (expression -> LPAREN expression RPAREN .)
    $end            reduce using rule 8 (expression -> LPAREN expression RPAREN .)
    RPAREN          reduce using rule 8 (expression -> LPAREN expression RPAREN .)

